// Jest Snapshot v1, https://goo.gl/fbAQLP

exports[`renders correctly 1`] = `
<select
  onChange={[Function]}
  value="test"
>
  <option
    disabled={true}
    value="move"
  >
    Move to...
  </option>
  <option
    value="currentlyReading"
  >
    Currently Reading
  </option>
  <option
    value="wantToRead"
  >
    Want to Read
  </option>
  <option
    value="read"
  >
    Read
  </option>
  <option
    value="none"
  >
    None
  </option>
</select>
`;
